test_existing_destination_refused_before_reading_inputs (__main__.CombinedContracts) ... FAIL
test_missing_configured_input_files_fail_closed (__main__.CombinedContracts) ... test_missing_duplicate_foreign_selected_identities_fail_closed (__main__.CombinedContracts) ... test_missing_required_sheet_never_publishes (__main__.CombinedContracts) ... test_source_selection_reorders_explicitly_to_keeper_identity_order (__main__.CombinedContracts) ... FAIL
test_valid_combined_derivative_preserves_inputs_full_membership_and_values (__main__.CombinedContracts) ... ERROR
test_duplicate_anatomical_labels_cannot_overwrite_lengths (__main__.CoordinateAndAtlasContracts) ... FAIL
test_invalid_root_topology_and_nonfinite_coordinates_are_rejected (__main__.CoordinateAndAtlasContracts) ... test_malformed_atlas_index_and_label_values_rejected (__main__.CoordinateAndAtlasContracts) ... test_root_selected_by_parent_marker_not_row_order (__main__.CoordinateAndAtlasContracts) ... FAIL
test_valid_key_preserves_proximal_rounding_total_and_leaf_gate (__main__.CoordinateAndAtlasContracts) ... ok
test_summary_only_or_missing_quantitative_sheet_rejected_before_enrichment (__main__.HarmonizerSchemaContracts) ... 
======================================================================
ERROR: test_missing_configured_input_files_fail_closed (__main__.CombinedContracts) (which=1)
----------------------------------------------------------------------
Traceback (most recent call last):
  File "C:\Users\laika_yan\miniconda3\envs\projectome\lib\shutil.py", line 618, in _rmtree_unsafe
    os.unlink(fullname)
PermissionError: [WinError 32] The process cannot access the file because it is being used by another process: 'C:\\Users\\LAIKA_~1\\AppData\\Local\\Temp\\tmpsudvth1y\\reference.xlsx'

During handling of the above exception, another exception occurred:

Traceback (most recent call last):
  File "C:\Users\laika_yan\miniconda3\envs\projectome\lib\tempfile.py", line 852, in onerror
    _os.unlink(path)
PermissionError: [WinError 32] The process cannot access the file because it is being used by another process: 'C:\\Users\\LAIKA_~1\\AppData\\Local\\Temp\\tmpsudvth1y\\reference.xlsx'

During handling of the above exception, another exception occurred:

Traceback (most recent call last):
  File "D:\projectome_analysis\tests\test_region_export_contracts.py", line 89, in test_missing_configured_input_files_fail_closed
    with self.subTest(which=which),tempfile.TemporaryDirectory() as d:
  File "C:\Users\laika_yan\miniconda3\envs\projectome\lib\tempfile.py", line 878, in __exit__
    self.cleanup()
  File "C:\Users\laika_yan\miniconda3\envs\projectome\lib\tempfile.py", line 882, in cleanup
    self._rmtree(self.name, ignore_errors=self._ignore_cleanup_errors)
  File "C:\Users\laika_yan\miniconda3\envs\projectome\lib\tempfile.py", line 864, in _rmtree
    _shutil.rmtree(name, onerror=onerror)
  File "C:\Users\laika_yan\miniconda3\envs\projectome\lib\shutil.py", line 750, in rmtree
    return _rmtree_unsafe(path, onerror)
  File "C:\Users\laika_yan\miniconda3\envs\projectome\lib\shutil.py", line 620, in _rmtree_unsafe
    onerror(os.unlink, fullname, sys.exc_info())
  File "C:\Users\laika_yan\miniconda3\envs\projectome\lib\tempfile.py", line 855, in onerror
    cls._rmtree(path, ignore_errors=ignore_errors)
  File "C:\Users\laika_yan\miniconda3\envs\projectome\lib\tempfile.py", line 864, in _rmtree
    _shutil.rmtree(name, onerror=onerror)
  File "C:\Users\laika_yan\miniconda3\envs\projectome\lib\shutil.py", line 750, in rmtree
    return _rmtree_unsafe(path, onerror)
  File "C:\Users\laika_yan\miniconda3\envs\projectome\lib\shutil.py", line 601, in _rmtree_unsafe
    onerror(os.scandir, path, sys.exc_info())
  File "C:\Users\laika_yan\miniconda3\envs\projectome\lib\shutil.py", line 598, in _rmtree_unsafe
    with os.scandir(path) as scandir_it:
NotADirectoryError: [WinError 267] The directory name is invalid: 'C:\\Users\\LAIKA_~1\\AppData\\Local\\Temp\\tmpsudvth1y\\reference.xlsx'

======================================================================
ERROR: test_missing_configured_input_files_fail_closed (__main__.CombinedContracts) (which=4)
----------------------------------------------------------------------
Traceback (most recent call last):
  File "D:\projectome_analysis\tests\test_region_export_contracts.py", line 91, in test_missing_configured_input_files_fail_closed
    with self.assertRaises(FileNotFoundError):self.run_case(case)
AssertionError: FileNotFoundError not raised

During handling of the above exception, another exception occurred:

Traceback (most recent call last):
  File "C:\Users\laika_yan\miniconda3\envs\projectome\lib\shutil.py", line 618, in _rmtree_unsafe
    os.unlink(fullname)
PermissionError: [WinError 32] The process cannot access the file because it is being used by another process: 'C:\\Users\\LAIKA_~1\\AppData\\Local\\Temp\\tmpeyb1ni0s\\reference.xlsx'

During handling of the above exception, another exception occurred:

Traceback (most recent call last):
  File "C:\Users\laika_yan\miniconda3\envs\projectome\lib\tempfile.py", line 852, in onerror
    _os.unlink(path)
PermissionError: [WinError 32] The process cannot access the file because it is being used by another process: 'C:\\Users\\LAIKA_~1\\AppData\\Local\\Temp\\tmpeyb1ni0s\\reference.xlsx'

During handling of the above exception, another exception occurred:

Traceback (most recent call last):
  File "D:\projectome_analysis\tests\test_region_export_contracts.py", line 89, in test_missing_configured_input_files_fail_closed
    with self.subTest(which=which),tempfile.TemporaryDirectory() as d:
  File "C:\Users\laika_yan\miniconda3\envs\projectome\lib\tempfile.py", line 878, in __exit__
    self.cleanup()
  File "C:\Users\laika_yan\miniconda3\envs\projectome\lib\tempfile.py", line 882, in cleanup
    self._rmtree(self.name, ignore_errors=self._ignore_cleanup_errors)
  File "C:\Users\laika_yan\miniconda3\envs\projectome\lib\tempfile.py", line 864, in _rmtree
    _shutil.rmtree(name, onerror=onerror)
  File "C:\Users\laika_yan\miniconda3\envs\projectome\lib\shutil.py", line 750, in rmtree
    return _rmtree_unsafe(path, onerror)
  File "C:\Users\laika_yan\miniconda3\envs\projectome\lib\shutil.py", line 620, in _rmtree_unsafe
    onerror(os.unlink, fullname, sys.exc_info())
  File "C:\Users\laika_yan\miniconda3\envs\projectome\lib\tempfile.py", line 855, in onerror
    cls._rmtree(path, ignore_errors=ignore_errors)
  File "C:\Users\laika_yan\miniconda3\envs\projectome\lib\tempfile.py", line 864, in _rmtree
    _shutil.rmtree(name, onerror=onerror)
  File "C:\Users\laika_yan\miniconda3\envs\projectome\lib\shutil.py", line 750, in rmtree
    return _rmtree_unsafe(path, onerror)
  File "C:\Users\laika_yan\miniconda3\envs\projectome\lib\shutil.py", line 601, in _rmtree_unsafe
    onerror(os.scandir, path, sys.exc_info())
  File "C:\Users\laika_yan\miniconda3\envs\projectome\lib\shutil.py", line 598, in _rmtree_unsafe
    with os.scandir(path) as scandir_it:
NotADirectoryError: [WinError 267] The directory name is invalid: 'C:\\Users\\LAIKA_~1\\AppData\\Local\\Temp\\tmpeyb1ni0s\\reference.xlsx'

======================================================================
ERROR: test_missing_duplicate_foreign_selected_identities_fail_closed (__main__.CombinedContracts) (defect='missing_source_id')
----------------------------------------------------------------------
Traceback (most recent call last):
  File "D:\projectome_analysis\tests\test_region_export_contracts.py", line 84, in test_missing_duplicate_foreign_selected_identities_fail_closed
    with self.assertRaises(ValueError):self.run_case(case)
AssertionError: ValueError not raised

During handling of the above exception, another exception occurred:

Traceback (most recent call last):
  File "C:\Users\laika_yan\miniconda3\envs\projectome\lib\shutil.py", line 618, in _rmtree_unsafe
    os.unlink(fullname)
PermissionError: [WinError 32] The process cannot access the file because it is being used by another process: 'C:\\Users\\LAIKA_~1\\AppData\\Local\\Temp\\tmptn_j_g7z\\reference.xlsx'

During handling of the above exception, another exception occurred:

Traceback (most recent call last):
  File "C:\Users\laika_yan\miniconda3\envs\projectome\lib\tempfile.py", line 852, in onerror
    _os.unlink(path)
PermissionError: [WinError 32] The process cannot access the file because it is being used by another process: 'C:\\Users\\LAIKA_~1\\AppData\\Local\\Temp\\tmptn_j_g7z\\reference.xlsx'

During handling of the above exception, another exception occurred:

Traceback (most recent call last):
  File "D:\projectome_analysis\tests\test_region_export_contracts.py", line 76, in test_missing_duplicate_foreign_selected_identities_fail_closed
    with self.subTest(defect=defect),tempfile.TemporaryDirectory() as d:
  File "C:\Users\laika_yan\miniconda3\envs\projectome\lib\tempfile.py", line 878, in __exit__
    self.cleanup()
  File "C:\Users\laika_yan\miniconda3\envs\projectome\lib\tempfile.py", line 882, in cleanup
    self._rmtree(self.name, ignore_errors=self._ignore_cleanup_errors)
  File "C:\Users\laika_yan\miniconda3\envs\projectome\lib\tempfile.py", line 864, in _rmtree
    _shutil.rmtree(name, onerror=onerror)
  File "C:\Users\laika_yan\miniconda3\envs\projectome\lib\shutil.py", line 750, in rmtree
    return _rmtree_unsafe(path, onerror)
  File "C:\Users\laika_yan\miniconda3\envs\projectome\lib\shutil.py", line 620, in _rmtree_unsafe
    onerror(os.unlink, fullname, sys.exc_info())
  File "C:\Users\laika_yan\miniconda3\envs\projectome\lib\tempfile.py", line 855, in onerror
    cls._rmtree(path, ignore_errors=ignore_errors)
  File "C:\Users\laika_yan\miniconda3\envs\projectome\lib\tempfile.py", line 864, in _rmtree
    _shutil.rmtree(name, onerror=onerror)
  File "C:\Users\laika_yan\miniconda3\envs\projectome\lib\shutil.py", line 750, in rmtree
    return _rmtree_unsafe(path, onerror)
  File "C:\Users\laika_yan\miniconda3\envs\projectome\lib\shutil.py", line 601, in _rmtree_unsafe
    onerror(os.scandir, path, sys.exc_info())
  File "C:\Users\laika_yan\miniconda3\envs\projectome\lib\shutil.py", line 598, in _rmtree_unsafe
    with os.scandir(path) as scandir_it:
NotADirectoryError: [WinError 267] The directory name is invalid: 'C:\\Users\\LAIKA_~1\\AppData\\Local\\Temp\\tmptn_j_g7z\\reference.xlsx'

======================================================================
ERROR: test_missing_duplicate_foreign_selected_identities_fail_closed (__main__.CombinedContracts) (defect='duplicate_source_id')
----------------------------------------------------------------------
Traceback (most recent call last):
  File "D:\projectome_analysis\tests\test_region_export_contracts.py", line 84, in test_missing_duplicate_foreign_selected_identities_fail_closed
    with self.assertRaises(ValueError):self.run_case(case)
AssertionError: ValueError not raised

During handling of the above exception, another exception occurred:

Traceback (most recent call last):
  File "C:\Users\laika_yan\miniconda3\envs\projectome\lib\shutil.py", line 618, in _rmtree_unsafe
    os.unlink(fullname)
PermissionError: [WinError 32] The process cannot access the file because it is being used by another process: 'C:\\Users\\LAIKA_~1\\AppData\\Local\\Temp\\tmp9pxfpor8\\reference.xlsx'

During handling of the above exception, another exception occurred:

Traceback (most recent call last):
  File "C:\Users\laika_yan\miniconda3\envs\projectome\lib\tempfile.py", line 852, in onerror
    _os.unlink(path)
PermissionError: [WinError 32] The process cannot access the file because it is being used by another process: 'C:\\Users\\LAIKA_~1\\AppData\\Local\\Temp\\tmp9pxfpor8\\reference.xlsx'

During handling of the above exception, another exception occurred:

Traceback (most recent call last):
  File "D:\projectome_analysis\tests\test_region_export_contracts.py", line 76, in test_missing_duplicate_foreign_selected_identities_fail_closed
    with self.subTest(defect=defect),tempfile.TemporaryDirectory() as d:
  File "C:\Users\laika_yan\miniconda3\envs\projectome\lib\tempfile.py", line 878, in __exit__
    self.cleanup()
  File "C:\Users\laika_yan\miniconda3\envs\projectome\lib\tempfile.py", line 882, in cleanup
    self._rmtree(self.name, ignore_errors=self._ignore_cleanup_errors)
  File "C:\Users\laika_yan\miniconda3\envs\projectome\lib\tempfile.py", line 864, in _rmtree
    _shutil.rmtree(name, onerror=onerror)
  File "C:\Users\laika_yan\miniconda3\envs\projectome\lib\shutil.py", line 750, in rmtree
    return _rmtree_unsafe(path, onerror)
  File "C:\Users\laika_yan\miniconda3\envs\projectome\lib\shutil.py", line 620, in _rmtree_unsafe
    onerror(os.unlink, fullname, sys.exc_info())
  File "C:\Users\laika_yan\miniconda3\envs\projectome\lib\tempfile.py", line 855, in onerror
    cls._rmtree(path, ignore_errors=ignore_errors)
  File "C:\Users\laika_yan\miniconda3\envs\projectome\lib\tempfile.py", line 864, in _rmtree
    _shutil.rmtree(name, onerror=onerror)
  File "C:\Users\laika_yan\miniconda3\envs\projectome\lib\shutil.py", line 750, in rmtree
    return _rmtree_unsafe(path, onerror)
  File "C:\Users\laika_yan\miniconda3\envs\projectome\lib\shutil.py", line 601, in _rmtree_unsafe
    onerror(os.scandir, path, sys.exc_info())
  File "C:\Users\laika_yan\miniconda3\envs\projectome\lib\shutil.py", line 598, in _rmtree_unsafe
    with os.scandir(path) as scandir_it:
NotADirectoryError: [WinError 267] The directory name is invalid: 'C:\\Users\\LAIKA_~1\\AppData\\Local\\Temp\\tmp9pxfpor8\\reference.xlsx'

======================================================================
ERROR: test_missing_duplicate_foreign_selected_identities_fail_closed (__main__.CombinedContracts) (defect='foreign_sample')
----------------------------------------------------------------------
Traceback (most recent call last):
  File "D:\projectome_analysis\tests\test_region_export_contracts.py", line 84, in test_missing_duplicate_foreign_selected_identities_fail_closed
    with self.assertRaises(ValueError):self.run_case(case)
AssertionError: ValueError not raised

During handling of the above exception, another exception occurred:

Traceback (most recent call last):
  File "C:\Users\laika_yan\miniconda3\envs\projectome\lib\shutil.py", line 618, in _rmtree_unsafe
    os.unlink(fullname)
PermissionError: [WinError 32] The process cannot access the file because it is being used by another process: 'C:\\Users\\LAIKA_~1\\AppData\\Local\\Temp\\tmpczv_pov5\\reference.xlsx'

During handling of the above exception, another exception occurred:

Traceback (most recent call last):
  File "C:\Users\laika_yan\miniconda3\envs\projectome\lib\tempfile.py", line 852, in onerror
    _os.unlink(path)
PermissionError: [WinError 32] The process cannot access the file because it is being used by another process: 'C:\\Users\\LAIKA_~1\\AppData\\Local\\Temp\\tmpczv_pov5\\reference.xlsx'

During handling of the above exception, another exception occurred:

Traceback (most recent call last):
  File "D:\projectome_analysis\tests\test_region_export_contracts.py", line 76, in test_missing_duplicate_foreign_selected_identities_fail_closed
    with self.subTest(defect=defect),tempfile.TemporaryDirectory() as d:
  File "C:\Users\laika_yan\miniconda3\envs\projectome\lib\tempfile.py", line 878, in __exit__
    self.cleanup()
  File "C:\Users\laika_yan\miniconda3\envs\projectome\lib\tempfile.py", line 882, in cleanup
    self._rmtree(self.name, ignore_errors=self._ignore_cleanup_errors)
  File "C:\Users\laika_yan\miniconda3\envs\projectome\lib\tempfile.py", line 864, in _rmtree
    _shutil.rmtree(name, onerror=onerror)
  File "C:\Users\laika_yan\miniconda3\envs\projectome\lib\shutil.py", line 750, in rmtree
    return _rmtree_unsafe(path, onerror)
  File "C:\Users\laika_yan\miniconda3\envs\projectome\lib\shutil.py", line 620, in _rmtree_unsafe
    onerror(os.unlink, fullname, sys.exc_info())
  File "C:\Users\laika_yan\miniconda3\envs\projectome\lib\tempfile.py", line 855, in onerror
    cls._rmtree(path, ignore_errors=ignore_errors)
  File "C:\Users\laika_yan\miniconda3\envs\projectome\lib\tempfile.py", line 864, in _rmtree
    _shutil.rmtree(name, onerror=onerror)
  File "C:\Users\laika_yan\miniconda3\envs\projectome\lib\shutil.py", line 750, in rmtree
    return _rmtree_unsafe(path, onerror)
  File "C:\Users\laika_yan\miniconda3\envs\projectome\lib\shutil.py", line 601, in _rmtree_unsafe
    onerror(os.scandir, path, sys.exc_info())
  File "C:\Users\laika_yan\miniconda3\envs\projectome\lib\shutil.py", line 598, in _rmtree_unsafe
    with os.scandir(path) as scandir_it:
NotADirectoryError: [WinError 267] The directory name is invalid: 'C:\\Users\\LAIKA_~1\\AppData\\Local\\Temp\\tmpczv_pov5\\reference.xlsx'

======================================================================
ERROR: test_missing_duplicate_foreign_selected_identities_fail_closed (__main__.CombinedContracts) (defect='wrong_uid')
----------------------------------------------------------------------
Traceback (most recent call last):
  File "D:\projectome_analysis\tests\test_region_export_contracts.py", line 84, in test_missing_duplicate_foreign_selected_identities_fail_closed
    with self.assertRaises(ValueError):self.run_case(case)
AssertionError: ValueError not raised

During handling of the above exception, another exception occurred:

Traceback (most recent call last):
  File "C:\Users\laika_yan\miniconda3\envs\projectome\lib\shutil.py", line 618, in _rmtree_unsafe
    os.unlink(fullname)
PermissionError: [WinError 32] The process cannot access the file because it is being used by another process: 'C:\\Users\\LAIKA_~1\\AppData\\Local\\Temp\\tmpr2ktzoj8\\reference.xlsx'

During handling of the above exception, another exception occurred:

Traceback (most recent call last):
  File "C:\Users\laika_yan\miniconda3\envs\projectome\lib\tempfile.py", line 852, in onerror
    _os.unlink(path)
PermissionError: [WinError 32] The process cannot access the file because it is being used by another process: 'C:\\Users\\LAIKA_~1\\AppData\\Local\\Temp\\tmpr2ktzoj8\\reference.xlsx'

During handling of the above exception, another exception occurred:

Traceback (most recent call last):
  File "D:\projectome_analysis\tests\test_region_export_contracts.py", line 76, in test_missing_duplicate_foreign_selected_identities_fail_closed
    with self.subTest(defect=defect),tempfile.TemporaryDirectory() as d:
  File "C:\Users\laika_yan\miniconda3\envs\projectome\lib\tempfile.py", line 878, in __exit__
    self.cleanup()
  File "C:\Users\laika_yan\miniconda3\envs\projectome\lib\tempfile.py", line 882, in cleanup
    self._rmtree(self.name, ignore_errors=self._ignore_cleanup_errors)
  File "C:\Users\laika_yan\miniconda3\envs\projectome\lib\tempfile.py", line 864, in _rmtree
    _shutil.rmtree(name, onerror=onerror)
  File "C:\Users\laika_yan\miniconda3\envs\projectome\lib\shutil.py", line 750, in rmtree
    return _rmtree_unsafe(path, onerror)
  File "C:\Users\laika_yan\miniconda3\envs\projectome\lib\shutil.py", line 620, in _rmtree_unsafe
    onerror(os.unlink, fullname, sys.exc_info())
  File "C:\Users\laika_yan\miniconda3\envs\projectome\lib\tempfile.py", line 855, in onerror
    cls._rmtree(path, ignore_errors=ignore_errors)
  File "C:\Users\laika_yan\miniconda3\envs\projectome\lib\tempfile.py", line 864, in _rmtree
    _shutil.rmtree(name, onerror=onerror)
  File "C:\Users\laika_yan\miniconda3\envs\projectome\lib\shutil.py", line 750, in rmtree
    return _rmtree_unsafe(path, onerror)
  File "C:\Users\laika_yan\miniconda3\envs\projectome\lib\shutil.py", line 601, in _rmtree_unsafe
    onerror(os.scandir, path, sys.exc_info())
  File "C:\Users\laika_yan\miniconda3\envs\projectome\lib\shutil.py", line 598, in _rmtree_unsafe
    with os.scandir(path) as scandir_it:
NotADirectoryError: [WinError 267] The directory name is invalid: 'C:\\Users\\LAIKA_~1\\AppData\\Local\\Temp\\tmpr2ktzoj8\\reference.xlsx'

======================================================================
ERROR: test_missing_duplicate_foreign_selected_identities_fail_closed (__main__.CombinedContracts) (defect='duplicate_keeper')
----------------------------------------------------------------------
Traceback (most recent call last):
  File "D:\projectome_analysis\tests\test_region_export_contracts.py", line 84, in test_missing_duplicate_foreign_selected_identities_fail_closed
    with self.assertRaises(ValueError):self.run_case(case)
AssertionError: ValueError not raised

During handling of the above exception, another exception occurred:

Traceback (most recent call last):
  File "C:\Users\laika_yan\miniconda3\envs\projectome\lib\shutil.py", line 618, in _rmtree_unsafe
    os.unlink(fullname)
PermissionError: [WinError 32] The process cannot access the file because it is being used by another process: 'C:\\Users\\LAIKA_~1\\AppData\\Local\\Temp\\tmphy63i6ar\\reference.xlsx'

During handling of the above exception, another exception occurred:

Traceback (most recent call last):
  File "C:\Users\laika_yan\miniconda3\envs\projectome\lib\tempfile.py", line 852, in onerror
    _os.unlink(path)
PermissionError: [WinError 32] The process cannot access the file because it is being used by another process: 'C:\\Users\\LAIKA_~1\\AppData\\Local\\Temp\\tmphy63i6ar\\reference.xlsx'

During handling of the above exception, another exception occurred:

Traceback (most recent call last):
  File "D:\projectome_analysis\tests\test_region_export_contracts.py", line 76, in test_missing_duplicate_foreign_selected_identities_fail_closed
    with self.subTest(defect=defect),tempfile.TemporaryDirectory() as d:
  File "C:\Users\laika_yan\miniconda3\envs\projectome\lib\tempfile.py", line 878, in __exit__
    self.cleanup()
  File "C:\Users\laika_yan\miniconda3\envs\projectome\lib\tempfile.py", line 882, in cleanup
    self._rmtree(self.name, ignore_errors=self._ignore_cleanup_errors)
  File "C:\Users\laika_yan\miniconda3\envs\projectome\lib\tempfile.py", line 864, in _rmtree
    _shutil.rmtree(name, onerror=onerror)
  File "C:\Users\laika_yan\miniconda3\envs\projectome\lib\shutil.py", line 750, in rmtree
    return _rmtree_unsafe(path, onerror)
  File "C:\Users\laika_yan\miniconda3\envs\projectome\lib\shutil.py", line 620, in _rmtree_unsafe
    onerror(os.unlink, fullname, sys.exc_info())
  File "C:\Users\laika_yan\miniconda3\envs\projectome\lib\tempfile.py", line 855, in onerror
    cls._rmtree(path, ignore_errors=ignore_errors)
  File "C:\Users\laika_yan\miniconda3\envs\projectome\lib\tempfile.py", line 864, in _rmtree
    _shutil.rmtree(name, onerror=onerror)
  File "C:\Users\laika_yan\miniconda3\envs\projectome\lib\shutil.py", line 750, in rmtree
    return _rmtree_unsafe(path, onerror)
  File "C:\Users\laika_yan\miniconda3\envs\projectome\lib\shutil.py", line 601, in _rmtree_unsafe
    onerror(os.scandir, path, sys.exc_info())
  File "C:\Users\laika_yan\miniconda3\envs\projectome\lib\shutil.py", line 598, in _rmtree_unsafe
    with os.scandir(path) as scandir_it:
NotADirectoryError: [WinError 267] The directory name is invalid: 'C:\\Users\\LAIKA_~1\\AppData\\Local\\Temp\\tmphy63i6ar\\reference.xlsx'

======================================================================
ERROR: test_missing_required_sheet_never_publishes (__main__.CombinedContracts) (source_index=0)
----------------------------------------------------------------------
Traceback (most recent call last):
  File "D:\projectome_analysis\tests\test_region_export_contracts.py", line 71, in test_missing_required_sheet_never_publishes
    with self.assertRaises((ValueError,KeyError)):self.run_case(case)
AssertionError: (<class 'ValueError'>, <class 'KeyError'>) not raised

During handling of the above exception, another exception occurred:

Traceback (most recent call last):
  File "C:\Users\laika_yan\miniconda3\envs\projectome\lib\shutil.py", line 618, in _rmtree_unsafe
    os.unlink(fullname)
PermissionError: [WinError 32] The process cannot access the file because it is being used by another process: 'C:\\Users\\LAIKA_~1\\AppData\\Local\\Temp\\tmp2naxxshb\\reference.xlsx'

During handling of the above exception, another exception occurred:

Traceback (most recent call last):
  File "C:\Users\laika_yan\miniconda3\envs\projectome\lib\tempfile.py", line 852, in onerror
    _os.unlink(path)
PermissionError: [WinError 32] The process cannot access the file because it is being used by another process: 'C:\\Users\\LAIKA_~1\\AppData\\Local\\Temp\\tmp2naxxshb\\reference.xlsx'

During handling of the above exception, another exception occurred:

Traceback (most recent call last):
  File "D:\projectome_analysis\tests\test_region_export_contracts.py", line 68, in test_missing_required_sheet_never_publishes
    with self.subTest(source_index=source_index),tempfile.TemporaryDirectory() as d:
  File "C:\Users\laika_yan\miniconda3\envs\projectome\lib\tempfile.py", line 878, in __exit__
    self.cleanup()
  File "C:\Users\laika_yan\miniconda3\envs\projectome\lib\tempfile.py", line 882, in cleanup
    self._rmtree(self.name, ignore_errors=self._ignore_cleanup_errors)
  File "C:\Users\laika_yan\miniconda3\envs\projectome\lib\tempfile.py", line 864, in _rmtree
    _shutil.rmtree(name, onerror=onerror)
  File "C:\Users\laika_yan\miniconda3\envs\projectome\lib\shutil.py", line 750, in rmtree
    return _rmtree_unsafe(path, onerror)
  File "C:\Users\laika_yan\miniconda3\envs\projectome\lib\shutil.py", line 620, in _rmtree_unsafe
    onerror(os.unlink, fullname, sys.exc_info())
  File "C:\Users\laika_yan\miniconda3\envs\projectome\lib\tempfile.py", line 855, in onerror
    cls._rmtree(path, ignore_errors=ignore_errors)
  File "C:\Users\laika_yan\miniconda3\envs\projectome\lib\tempfile.py", line 864, in _rmtree
    _shutil.rmtree(name, onerror=onerror)
  File "C:\Users\laika_yan\miniconda3\envs\projectome\lib\shutil.py", line 750, in rmtree
    return _rmtree_unsafe(path, onerror)
  File "C:\Users\laika_yan\miniconda3\envs\projectome\lib\shutil.py", line 601, in _rmtree_unsafe
    onerror(os.scandir, path, sys.exc_info())
  File "C:\Users\laika_yan\miniconda3\envs\projectome\lib\shutil.py", line 598, in _rmtree_unsafe
    with os.scandir(path) as scandir_it:
NotADirectoryError: [WinError 267] The directory name is invalid: 'C:\\Users\\LAIKA_~1\\AppData\\Local\\Temp\\tmp2naxxshb\\reference.xlsx'

======================================================================
ERROR: test_missing_required_sheet_never_publishes (__main__.CombinedContracts) (source_index=1)
----------------------------------------------------------------------
Traceback (most recent call last):
  File "D:\projectome_analysis\tests\test_region_export_contracts.py", line 71, in test_missing_required_sheet_never_publishes
    with self.assertRaises((ValueError,KeyError)):self.run_case(case)
AssertionError: (<class 'ValueError'>, <class 'KeyError'>) not raised

During handling of the above exception, another exception occurred:

Traceback (most recent call last):
  File "C:\Users\laika_yan\miniconda3\envs\projectome\lib\shutil.py", line 618, in _rmtree_unsafe
    os.unlink(fullname)
PermissionError: [WinError 32] The process cannot access the file because it is being used by another process: 'C:\\Users\\LAIKA_~1\\AppData\\Local\\Temp\\tmpb87a63d7\\reference.xlsx'

During handling of the above exception, another exception occurred:

Traceback (most recent call last):
  File "C:\Users\laika_yan\miniconda3\envs\projectome\lib\tempfile.py", line 852, in onerror
    _os.unlink(path)
PermissionError: [WinError 32] The process cannot access the file because it is being used by another process: 'C:\\Users\\LAIKA_~1\\AppData\\Local\\Temp\\tmpb87a63d7\\reference.xlsx'

During handling of the above exception, another exception occurred:

Traceback (most recent call last):
  File "D:\projectome_analysis\tests\test_region_export_contracts.py", line 68, in test_missing_required_sheet_never_publishes
    with self.subTest(source_index=source_index),tempfile.TemporaryDirectory() as d:
  File "C:\Users\laika_yan\miniconda3\envs\projectome\lib\tempfile.py", line 878, in __exit__
    self.cleanup()
  File "C:\Users\laika_yan\miniconda3\envs\projectome\lib\tempfile.py", line 882, in cleanup
    self._rmtree(self.name, ignore_errors=self._ignore_cleanup_errors)
  File "C:\Users\laika_yan\miniconda3\envs\projectome\lib\tempfile.py", line 864, in _rmtree
    _shutil.rmtree(name, onerror=onerror)
  File "C:\Users\laika_yan\miniconda3\envs\projectome\lib\shutil.py", line 750, in rmtree
    return _rmtree_unsafe(path, onerror)
  File "C:\Users\laika_yan\miniconda3\envs\projectome\lib\shutil.py", line 620, in _rmtree_unsafe
    onerror(os.unlink, fullname, sys.exc_info())
  File "C:\Users\laika_yan\miniconda3\envs\projectome\lib\tempfile.py", line 855, in onerror
    cls._rmtree(path, ignore_errors=ignore_errors)
  File "C:\Users\laika_yan\miniconda3\envs\projectome\lib\tempfile.py", line 864, in _rmtree
    _shutil.rmtree(name, onerror=onerror)
  File "C:\Users\laika_yan\miniconda3\envs\projectome\lib\shutil.py", line 750, in rmtree
    return _rmtree_unsafe(path, onerror)
  File "C:\Users\laika_yan\miniconda3\envs\projectome\lib\shutil.py", line 601, in _rmtree_unsafe
    onerror(os.scandir, path, sys.exc_info())
  File "C:\Users\laika_yan\miniconda3\envs\projectome\lib\shutil.py", line 598, in _rmtree_unsafe
    with os.scandir(path) as scandir_it:
NotADirectoryError: [WinError 267] The directory name is invalid: 'C:\\Users\\LAIKA_~1\\AppData\\Local\\Temp\\tmpb87a63d7\\reference.xlsx'

======================================================================
ERROR: test_valid_combined_derivative_preserves_inputs_full_membership_and_values (__main__.CombinedContracts)
----------------------------------------------------------------------
Traceback (most recent call last):
  File "C:\Users\laika_yan\miniconda3\envs\projectome\lib\shutil.py", line 618, in _rmtree_unsafe
    os.unlink(fullname)
PermissionError: [WinError 32] The process cannot access the file because it is being used by another process: 'C:\\Users\\LAIKA_~1\\AppData\\Local\\Temp\\tmp270zvbsx\\reference.xlsx'

During handling of the above exception, another exception occurred:

Traceback (most recent call last):
  File "C:\Users\laika_yan\miniconda3\envs\projectome\lib\tempfile.py", line 852, in onerror
    _os.unlink(path)
PermissionError: [WinError 32] The process cannot access the file because it is being used by another process: 'C:\\Users\\LAIKA_~1\\AppData\\Local\\Temp\\tmp270zvbsx\\reference.xlsx'

During handling of the above exception, another exception occurred:

Traceback (most recent call last):
  File "D:\projectome_analysis\tests\test_region_export_contracts.py", line 46, in test_valid_combined_derivative_preserves_inputs_full_membership_and_values
    with tempfile.TemporaryDirectory() as d:
  File "C:\Users\laika_yan\miniconda3\envs\projectome\lib\tempfile.py", line 878, in __exit__
    self.cleanup()
  File "C:\Users\laika_yan\miniconda3\envs\projectome\lib\tempfile.py", line 882, in cleanup
    self._rmtree(self.name, ignore_errors=self._ignore_cleanup_errors)
  File "C:\Users\laika_yan\miniconda3\envs\projectome\lib\tempfile.py", line 864, in _rmtree
    _shutil.rmtree(name, onerror=onerror)
  File "C:\Users\laika_yan\miniconda3\envs\projectome\lib\shutil.py", line 750, in rmtree
    return _rmtree_unsafe(path, onerror)
  File "C:\Users\laika_yan\miniconda3\envs\projectome\lib\shutil.py", line 620, in _rmtree_unsafe
    onerror(os.unlink, fullname, sys.exc_info())
  File "C:\Users\laika_yan\miniconda3\envs\projectome\lib\tempfile.py", line 855, in onerror
    cls._rmtree(path, ignore_errors=ignore_errors)
  File "C:\Users\laika_yan\miniconda3\envs\projectome\lib\tempfile.py", line 864, in _rmtree
    _shutil.rmtree(name, onerror=onerror)
  File "C:\Users\laika_yan\miniconda3\envs\projectome\lib\shutil.py", line 750, in rmtree
    return _rmtree_unsafe(path, onerror)
  File "C:\Users\laika_yan\miniconda3\envs\projectome\lib\shutil.py", line 601, in _rmtree_unsafe
    onerror(os.scandir, path, sys.exc_info())
  File "C:\Users\laika_yan\miniconda3\envs\projectome\lib\shutil.py", line 598, in _rmtree_unsafe
    with os.scandir(path) as scandir_it:
NotADirectoryError: [WinError 267] The directory name is invalid: 'C:\\Users\\LAIKA_~1\\AppData\\Local\\Temp\\tmp270zvbsx\\reference.xlsx'

======================================================================
FAIL: test_existing_destination_refused_before_reading_inputs (__main__.CombinedContracts)
----------------------------------------------------------------------
Traceback (most recent call last):
  File "D:\projectome_analysis\tests\test_region_export_contracts.py", line 63, in test_existing_destination_refused_before_reading_inputs
    with self.assertRaises(FileExistsError):combined.main()
  File "D:\projectome_analysis\group_analysis\scripts\05a_build_combined_table.py", line 97, in main
    ref_summary = pd.read_excel(REF_INS_XLSX, sheet_name="Summary")
  File "C:\Users\laika_yan\miniconda3\envs\projectome\lib\unittest\mock.py", line 1114, in __call__
    return self._mock_call(*args, **kwargs)
  File "C:\Users\laika_yan\miniconda3\envs\projectome\lib\unittest\mock.py", line 1118, in _mock_call
    return self._execute_mock_call(*args, **kwargs)
  File "C:\Users\laika_yan\miniconda3\envs\projectome\lib\unittest\mock.py", line 1173, in _execute_mock_call
    raise effect
AssertionError: must not read

======================================================================
FAIL: test_source_selection_reorders_explicitly_to_keeper_identity_order (__main__.CombinedContracts)
----------------------------------------------------------------------
Traceback (most recent call last):
  File "D:\projectome_analysis\tests\test_region_export_contracts.py", line 99, in test_source_selection_reorders_explicitly_to_keeper_identity_order
    self.assertEqual(result.NeuronID.tolist(),['a','b'])
AssertionError: Lists differ: ['b', 'a'] != ['a', 'b']

First differing element 0:
'b'
'a'

- ['b', 'a']
+ ['a', 'b']

======================================================================
FAIL: test_duplicate_anatomical_labels_cannot_overwrite_lengths (__main__.CoordinateAndAtlasContracts)
----------------------------------------------------------------------
Traceback (most recent call last):
  File "D:\projectome_analysis\tests\test_region_export_contracts.py", line 118, in test_duplicate_anatomical_labels_cannot_overwrite_lengths
    with self.assertRaisesRegex(ValueError,'unique'):
AssertionError: ValueError not raised

======================================================================
FAIL: test_invalid_root_topology_and_nonfinite_coordinates_are_rejected (__main__.CoordinateAndAtlasContracts) (text='1 1 0 0 0 1 -1\n2 2 1 0 0 1 -1')
----------------------------------------------------------------------
Traceback (most recent call last):
  File "D:\projectome_analysis\tests\test_region_export_contracts.py", line 110, in test_invalid_root_topology_and_nonfinite_coordinates_are_rejected
    with self.subTest(text=text),self.assertRaises(ValueError):coordinates.parse_swc_root(text)
AssertionError: ValueError not raised

======================================================================
FAIL: test_invalid_root_topology_and_nonfinite_coordinates_are_rejected (__main__.CoordinateAndAtlasContracts) (text='1 1 0 0 0 1 2\n2 2 1 0 0 1 1')
----------------------------------------------------------------------
Traceback (most recent call last):
  File "D:\projectome_analysis\tests\test_region_export_contracts.py", line 110, in test_invalid_root_topology_and_nonfinite_coordinates_are_rejected
    with self.subTest(text=text),self.assertRaises(ValueError):coordinates.parse_swc_root(text)
AssertionError: ValueError not raised

======================================================================
FAIL: test_invalid_root_topology_and_nonfinite_coordinates_are_rejected (__main__.CoordinateAndAtlasContracts) (text='1 1 nan 0 0 1 -1')
----------------------------------------------------------------------
Traceback (most recent call last):
  File "D:\projectome_analysis\tests\test_region_export_contracts.py", line 110, in test_invalid_root_topology_and_nonfinite_coordinates_are_rejected
    with self.subTest(text=text),self.assertRaises(ValueError):coordinates.parse_swc_root(text)
AssertionError: ValueError not raised

======================================================================
FAIL: test_invalid_root_topology_and_nonfinite_coordinates_are_rejected (__main__.CoordinateAndAtlasContracts) (text='1 1 0 0 0 1 -1\n2 2 1 0 0 1 3')
----------------------------------------------------------------------
Traceback (most recent call last):
  File "D:\projectome_analysis\tests\test_region_export_contracts.py", line 110, in test_invalid_root_topology_and_nonfinite_coordinates_are_rejected
    with self.subTest(text=text),self.assertRaises(ValueError):coordinates.parse_swc_root(text)
AssertionError: ValueError not raised

======================================================================
FAIL: test_malformed_atlas_index_and_label_values_rejected (__main__.CoordinateAndAtlasContracts) (index=1.5, label='CL_A')
----------------------------------------------------------------------
Traceback (most recent call last):
  File "D:\projectome_analysis\tests\test_region_export_contracts.py", line 114, in test_malformed_atlas_index_and_label_values_rejected
    with self.subTest(index=index,label=label),self.assertRaises(ValueError):
AssertionError: ValueError not raised

======================================================================
FAIL: test_malformed_atlas_index_and_label_values_rejected (__main__.CoordinateAndAtlasContracts) (index=nan, label='CL_A')
----------------------------------------------------------------------
Traceback (most recent call last):
  File "D:\projectome_analysis\tests\test_region_export_contracts.py", line 114, in test_malformed_atlas_index_and_label_values_rejected
    with self.subTest(index=index,label=label),self.assertRaises(ValueError):
AssertionError: ValueError not raised

======================================================================
FAIL: test_malformed_atlas_index_and_label_values_rejected (__main__.CoordinateAndAtlasContracts) (index=inf, label='CL_A')
----------------------------------------------------------------------
Traceback (most recent call last):
  File "D:\projectome_analysis\tests\test_region_export_contracts.py", line 114, in test_malformed_atlas_index_and_label_values_rejected
    with self.subTest(index=index,label=label),self.assertRaises(ValueError):
AssertionError: ValueError not raised

======================================================================
FAIL: test_malformed_atlas_index_and_label_values_rejected (__main__.CoordinateAndAtlasContracts) (index=True, label='CL_A')
----------------------------------------------------------------------
Traceback (most recent call last):
  File "D:\projectome_analysis\tests\test_region_export_contracts.py", line 114, in test_malformed_atlas_index_and_label_values_rejected
    with self.subTest(index=index,label=label),self.assertRaises(ValueError):
AssertionError: ValueError not raised

======================================================================
FAIL: test_malformed_atlas_index_and_label_values_rejected (__main__.CoordinateAndAtlasContracts) (index=-1, label='CL_A')
----------------------------------------------------------------------
Traceback (most recent call last):
  File "D:\projectome_analysis\tests\test_region_export_contracts.py", line 114, in test_malformed_atlas_index_and_label_values_rejected
    with self.subTest(index=index,label=label),self.assertRaises(ValueError):
AssertionError: ValueError not raised

======================================================================
FAIL: test_malformed_atlas_index_and_label_values_rejected (__main__.CoordinateAndAtlasContracts) (index=1, label='')
----------------------------------------------------------------------
Traceback (most recent call last):
  File "D:\projectome_analysis\tests\test_region_export_contracts.py", line 114, in test_malformed_atlas_index_and_label_values_rejected
    with self.subTest(index=index,label=label),self.assertRaises(ValueError):
AssertionError: ValueError not raised

======================================================================
FAIL: test_malformed_atlas_index_and_label_values_rejected (__main__.CoordinateAndAtlasContracts) (index=1, label=None)
----------------------------------------------------------------------
Traceback (most recent call last):
  File "D:\projectome_analysis\tests\test_region_export_contracts.py", line 114, in test_malformed_atlas_index_and_label_values_rejected
    with self.subTest(index=index,label=label),self.assertRaises(ValueError):
AssertionError: ValueError not raised

======================================================================
FAIL: test_malformed_atlas_index_and_label_values_rejected (__main__.CoordinateAndAtlasContracts) (index=1, label=7)
----------------------------------------------------------------------
Traceback (most recent call last):
  File "D:\projectome_analysis\tests\test_region_export_contracts.py", line 114, in test_malformed_atlas_index_and_label_values_rejected
    with self.subTest(index=index,label=label),self.assertRaises(ValueError):
AssertionError: ValueError not raised

======================================================================
FAIL: test_root_selected_by_parent_marker_not_row_order (__main__.CoordinateAndAtlasContracts)
----------------------------------------------------------------------
Traceback (most recent call last):
  File "D:\projectome_analysis\tests\test_region_export_contracts.py", line 105, in test_root_selected_by_parent_marker_not_row_order
    self.assertEqual(coordinates.parse_swc_root(text),((1.,2.,3.),2))
AssertionError: Tuples differ: ((9.0, 8.0, 7.0), 2) != ((1.0, 2.0, 3.0), 2)

First differing element 0:
(9.0, 8.0, 7.0)
(1.0, 2.0, 3.0)

- ((9.0, 8.0, 7.0), 2)
?   ^    ^    ^

+ ((1.0, 2.0, 3.0), 2)
?   ^    ^    ^


======================================================================
FAIL: test_summary_only_or_missing_quantitative_sheet_rejected_before_enrichment (__main__.HarmonizerSchemaContracts) (names=[])
----------------------------------------------------------------------
Traceback (most recent call last):
  File "D:\projectome_analysis\tests\test_region_export_contracts.py", line 141, in test_summary_only_or_missing_quantitative_sheet_rejected_before_enrichment
    with self.assertRaisesRegex(ValueError,'required.*sheet|sheet.*required'):harmonizer.harmonize(source,output)
  File "D:\projectome_analysis\group_analysis\scripts\06_harmonize_atlas_to_manual.py", line 336, in harmonize
    _enrich_henry_layers(temp_out)
  File "C:\Users\laika_yan\miniconda3\envs\projectome\lib\unittest\mock.py", line 1114, in __call__
    return self._mock_call(*args, **kwargs)
  File "C:\Users\laika_yan\miniconda3\envs\projectome\lib\unittest\mock.py", line 1118, in _mock_call
    return self._execute_mock_call(*args, **kwargs)
  File "C:\Users\laika_yan\miniconda3\envs\projectome\lib\unittest\mock.py", line 1173, in _execute_mock_call
    raise effect
AssertionError: must not enrich

======================================================================
FAIL: test_summary_only_or_missing_quantitative_sheet_rejected_before_enrichment (__main__.HarmonizerSchemaContracts) (names=['Projection_Length_ipsi', 'Projection_Length_contra', 'Projection_Strength_ipsi', 'Projection_Strength_contra', 'Projection_Length_L3_ipsi', 'Projection_Length_L3_contra', 'Projection_Strength_L3_ipsi'])
----------------------------------------------------------------------
Traceback (most recent call last):
  File "D:\projectome_analysis\tests\test_region_export_contracts.py", line 141, in test_summary_only_or_missing_quantitative_sheet_rejected_before_enrichment
    with self.assertRaisesRegex(ValueError,'required.*sheet|sheet.*required'):harmonizer.harmonize(source,output)
  File "D:\projectome_analysis\group_analysis\scripts\06_harmonize_atlas_to_manual.py", line 336, in harmonize
    _enrich_henry_layers(temp_out)
  File "C:\Users\laika_yan\miniconda3\envs\projectome\lib\unittest\mock.py", line 1114, in __call__
    return self._mock_call(*args, **kwargs)
  File "C:\Users\laika_yan\miniconda3\envs\projectome\lib\unittest\mock.py", line 1118, in _mock_call
    return self._execute_mock_call(*args, **kwargs)
  File "C:\Users\laika_yan\miniconda3\envs\projectome\lib\unittest\mock.py", line 1173, in _execute_mock_call
    raise effect
AssertionError: must not enrich

----------------------------------------------------------------------
Ran 12 tests in 3.098s

FAILED (failures=18, errors=10)
[5a] Reading 251637 untouched: D:\projectome_analysis\neuron_tables_new\251637_INS_HE_inferred.xlsx
[5a] RECOVERY_DIR=D:\projectome_analysis\group_analysis\recovery
[5a] OUT_DIR=C:\Users\LAIKA_~1\AppData\Local\Temp\tmp3ha1imfh
[5a] NEW_SAMPLES=['251730', '252383', '252384', '252385', '252527', '252718', '252790', '250432', '252714']
[06] auto_atlas_insula rows to consider: 0
[06] rows with refined label changed: 0 (ambiguous: 0)
[06] Soma_Region_Refined per sample after harmonization:
SampleID  Soma_Region_Refined
S         IAL                    1
[06] Soma_Region_Source per sample after harmonization:
SampleID  Soma_Region_Source
S         curated_251637        1
[06] auto_atlas_insula rows to consider: 0
[06] rows with refined label changed: 0 (ambiguous: 0)
[06] Soma_Region_Refined per sample after harmonization:
SampleID  Soma_Region_Refined
S         IAL                    1
[06] Soma_Region_Source per sample after harmonization:
SampleID  Soma_Region_Source
S         curated_251637        1
