test_conflicting_paths_fail (__main__.HierarchyPublicTests) ... ok
test_domain_routing_and_real_complete_table_baseline (__main__.HierarchyPublicTests) ... ok
test_parent_has_no_arbitrary_descendant (__main__.HierarchyPublicTests) ... ok
test_single_aggregation_and_sparse_levels (__main__.HierarchyPublicTests) ... ok
test_single_file_initial_and_incremental_load (__main__.HierarchyPublicTests) ... ok
test_xlsx_initial_and_incremental_load_preserves_sparse_ancestry (__main__.HierarchyPublicTests) ... ok
test_bad_levels_rejected_before_any_source_processing (__main__.InputAndGraphTests) ... ok
test_deep_valid_swc_preserves_bytes_and_each_edge_once (__main__.InputAndGraphTests) ... ok
test_diagnostics_use_supported_table_apis (__main__.InputAndGraphTests) ... ok
test_duplicates_and_foreign_samples_rejected (__main__.InputAndGraphTests) ... ok
test_iterative_branches_preserve_edges_orders_and_dfs_order (__main__.InputAndGraphTests) ... ok
test_public_projection_hierarchy_preserves_dual_source (__main__.InputAndGraphTests) ... ok
test_automatic_plot_entrypoint_accepts_current_producer_columns (__main__.PlotContractTests) ... FAIL
test_current_producer_hierarchy_columns_render (__main__.PlotContractTests) ... ok
test_length_plot_declares_observed_units_and_reconstruction_semantics (__main__.PlotContractTests) ... D:\projectome_analysis\main_scripts\region_analysis\plotting.py:571: MatplotlibDeprecationWarning: The 'labels' parameter of boxplot() has been renamed 'tick_labels' since Matplotlib 3.9; support for the old name will be dropped in 3.11.
  bp = axes[1].boxplot(
ok
test_zero_laterality_targets_render (__main__.PlotContractTests) ... ok

======================================================================
FAIL: test_automatic_plot_entrypoint_accepts_current_producer_columns (__main__.PlotContractTests)
----------------------------------------------------------------------
Traceback (most recent call last):
  File "D:\projectome_analysis\notes\region_analysis_review_20261009\code_audit\test_hierarchy_and_plots.py", line 117, in test_automatic_plot_entrypoint_accepts_current_producer_columns
    called.assert_called_once()
  File "C:\Users\laika_yan\miniconda3\envs\projectome\lib\unittest\mock.py", line 908, in assert_called_once
    raise AssertionError(msg)
AssertionError: Expected 'plot_region_distribution_stacked' to have been called once. Called 0 times.

----------------------------------------------------------------------
Ran 16 tests in 0.718s

FAILED (failures=1)
  Generating plots...
[OUTPUT] Created: C:\Users\LAIKA_~1\AppData\Local\Temp\tmpv1sww612\audit
  All plots generated.
