..FD:\projectome_analysis\notes\region_analysis_review_20261009\code_audit\terminology_variant_20261009\staged\main_scripts\region_analysis\plotting.py:291: MatplotlibDeprecationWarning: The 'labels' parameter of boxplot() has been renamed 'tick_labels' since Matplotlib 3.9; support for the old name will be dropped in 3.11.
  bp = axes[1].boxplot(
F....
======================================================================
FAIL: test_only_unresolved_and_empty_target_lists_render (__main__.TerminalReportConsumerTests)
----------------------------------------------------------------------
Traceback (most recent call last):
  File "D:\projectome_analysis\notes\region_analysis_review_20261009\code_audit\terminology_variant_20261009\staged\tests\test_terminal_reporting.py", line 149, in test_only_unresolved_and_empty_target_lists_render
    self.assertIn("Total known sites: 0", projection)
AssertionError: 'Total known sites: 0' not found in '============================================================\nENDPOINT-TARGET REGION COUNTS (KNOWN REGIONS ONLY)\nEntries are distinct endpoint-target regions per neuron from legacy all-compartment leaves; biological terminals/boutons are not verified.\n============================================================\n\nTotal neurons analyzed: 1\n\n--- Known Endpoint-Target Regions (Unresolved Excluded) ---\n  Total known endpoint-target entries: 0\n  Mean known endpoint-target regions per neuron: 0.00\n  Median: 0.0\n  Min: 0\n  Max: 0\n  Std: nan\n\n  Distribution of known endpoint-target regions per neuron:\n    0 endpoint-target region(s): 1 neurons (100.0%)\n\n--- Unresolved Endpoint-Target Regions (Excluded from Plot) ---\n  Unknown includes explicit unknown, outside, unmapped, absent and invalid targets.\n  Neurons with unresolved endpoint-target regions: 1 (100.0%)\n  Total unresolved endpoint-target entries excluded: 3\n  Mean unresolved endpoint-target regions per neuron: 3.00\n\n--- Outlier Statistics ---\n  Neurons with outliers: 0 (0.0%)\n  Total outliers: 0\n  Mean outliers per neuron: 0.00\n\n  Distribution of outlier count per neuron:\n    0 outlier(s): 1 neurons (100.0%)\n\n============================================================'

======================================================================
FAIL: test_projection_plot_and_population_reports_agree (__main__.TerminalReportConsumerTests)
----------------------------------------------------------------------
Traceback (most recent call last):
  File "D:\projectome_analysis\notes\region_analysis_review_20261009\code_audit\terminology_variant_20261009\staged\tests\test_terminal_reporting.py", line 121, in test_projection_plot_and_population_reports_agree
    self.assert_projection_totals(report)
  File "D:\projectome_analysis\notes\region_analysis_review_20261009\code_audit\terminology_variant_20261009\staged\tests\test_terminal_reporting.py", line 94, in assert_projection_totals
    self.assertIn(text, report)
AssertionError: 'Total known sites: 5' not found in '============================================================\nENDPOINT-TARGET REGION COUNTS (KNOWN REGIONS ONLY)\nEntries are distinct endpoint-target regions per neuron from legacy all-compartment leaves; biological terminals/boutons are not verified.\n============================================================\n\nTotal neurons analyzed: 5\n\n--- Known Endpoint-Target Regions (Unresolved Excluded) ---\n  Total known endpoint-target entries: 5\n  Mean known endpoint-target regions per neuron: 1.00\n  Median: 1.0\n  Min: 0\n  Max: 3\n  Std: 1.22\n\n  Distribution of known endpoint-target regions per neuron:\n    0 endpoint-target region(s): 2 neurons (40.0%)\n    1 endpoint-target region(s): 2 neurons (40.0%)\n    3 endpoint-target region(s): 1 neurons (20.0%)\n\n--- Unresolved Endpoint-Target Regions (Excluded from Plot) ---\n  Unknown includes explicit unknown, outside, unmapped, absent and invalid targets.\n  Neurons with unresolved endpoint-target regions: 3 (60.0%)\n  Total unresolved endpoint-target entries excluded: 10\n  Mean unresolved endpoint-target regions per neuron: 2.00\n\n--- Outlier Statistics ---\n  Neurons with outliers: 2 (40.0%)\n  Total outliers: 5\n  Mean outliers per neuron: 1.00\n\n  Distribution of outlier count per neuron:\n    0 outlier(s): 3 neurons (60.0%)\n    1 outlier(s): 1 neurons (20.0%)\n    4 outlier(s): 1 neurons (20.0%)\n\n============================================================'

----------------------------------------------------------------------
Ran 8 tests in 0.507s

FAILED (failures=2)
